--------- beginning of crash
09-05 09:45:55.712  5739  5823 F libc    : Fatal signal 6 (SIGABRT), code -1 (SI_QUEUE) in tid 5823 (qtMainLoopThrea), pid 5739 (com.accofinder)
09-05 09:45:55.821  5932  5932 F DEBUG   : *** *** *** *** *** *** *** *** *** *** *** *** *** *** *** ***
09-05 09:45:55.821  5932  5932 F DEBUG   : Build fingerprint: 'OnePlus/OnePlusN100METRO/OnePlusN100METRO:11/RKQ1.201217.002/2310091801:user/release-keys'
09-05 09:45:55.821  5932  5932 F DEBUG   : Revision: '0'
09-05 09:45:55.821  5932  5932 F DEBUG   : ABI: 'arm64'
09-05 09:45:55.821  5932  5932 F DEBUG   : Timestamp: 2026-09-05 09:45:55+0200
09-05 09:45:55.821  5932  5932 F DEBUG   : pid: 5739, tid: 5823, name: qtMainLoopThrea  >>> com.accofinder <<<
09-05 09:45:55.821  5932  5932 F DEBUG   : uid: 10268
09-05 09:45:55.821  5932  5932 F DEBUG   : signal 6 (SIGABRT), code -1 (SI_QUEUE), fault addr --------
09-05 09:45:55.821  5932  5932 F DEBUG   : Abort message: 'JNI DETECTED ERROR IN APPLICATION: the return type of CallVoidMethodV does not match com.google.android.gms.tasks.Task com.google.android.gms.tasks.zzw.addOnSuccessListener(com.google.android.gms.tasks.OnSuccessListener)
09-05 09:45:55.821  5932  5932 F DEBUG   :     in call to CallVoidMethodV
09-05 09:45:55.821  5932  5932 F DEBUG   :     from void org.qtproject.qt.android.QtNative.startQtNativeApplication(java.lang.String)'
09-05 09:45:55.821  5932  5932 F DEBUG   :     x0  0000000000000000  x1  00000000000016bf  x2  0000000000000006  x3  000000731c072500
09-05 09:45:55.821  5932  5932 F DEBUG   :     x4  702d736264696e71  x5  702d736264696e71  x6  702d736264696e71  x7  7f7f7f7f7f7f7f7f
09-05 09:45:55.821  5932  5932 F DEBUG   :     x8  00000000000000f0  x9  d154bbe2fb66e0d1  x10 0000000000000000  x11 ffffffc0fffffbdf
09-05 09:45:55.821  5932  5932 F DEBUG   :     x12 0000000000000001  x13 0000000000000187  x14 00000076871d4d22  x15 0000000000000005
09-05 09:45:55.821  5932  5932 F DEBUG   :     x16 00000076871d1c80  x17 00000076871b3b70  x18 0000007317d5a000  x19 000000000000166b
09-05 09:45:55.821  5932  5932 F DEBUG   :     x20 00000000000016bf  x21 00000000ffffffff  x22 0000000000000000  x23 0000000000000000
09-05 09:45:55.821  5932  5932 F DEBUG   :     x24 000000739481d1a7  x25 0000000000000001  x26 0000007394834187  x27 0000007394e39000
09-05 09:45:55.821  5932  5932 F DEBUG   :     x28 b4000073b55657d0  x29 000000731c072580
09-05 09:45:55.822  5932  5932 F DEBUG   :     lr  00000076871673e0  sp  000000731c0724e0  pc  000000768716740c  pst 0000000000000000
09-05 09:45:56.164  5932  5932 F DEBUG   : backtrace:
09-05 09:45:56.164  5932  5932 F DEBUG   :       #00 pc 000000000004e40c  /apex/com.android.runtime/lib64/bionic/libc.so (abort+164) (BuildId: 07fbaeed7b7a19203975f06be6f1d5ef)
09-05 09:45:56.164  5932  5932 F DEBUG   :       #01 pc 000000000055d7a0  /apex/com.android.art/lib64/libart.so (art::Runtime::Abort(char const*)+2308) (BuildId: 32cda5ceec1e68666841a6ebde60d2e1)
09-05 09:45:56.165  5932  5932 F DEBUG   :       #02 pc 0000000000013be4  /system/lib64/libbase.so (android::base::SetAborter(std::__1::function<void (char const*)>&&)::$_3::__invoke(char const*)+76) (BuildId: c232dee8f1f12bb33a7ae92577018c6b)
09-05 09:45:56.165  5932  5932 F DEBUG   :       #03 pc 0000000000012fb4  /system/lib64/libbase.so (android::base::LogMessage::~LogMessage()+320) (BuildId: c232dee8f1f12bb33a7ae92577018c6b)
09-05 09:45:56.165  5932  5932 F DEBUG   :       #04 pc 000000000038551c  /apex/com.android.art/lib64/libart.so (art::JavaVMExt::JniAbort(char const*, char const*)+2572) (BuildId: 32cda5ceec1e68666841a6ebde60d2e1)
09-05 09:45:56.165  5932  5932 F DEBUG   :       #05 pc 0000000000385594  /apex/com.android.art/lib64/libart.so (art::JavaVMExt::JniAbortV(char const*, char const*, std::__va_list)+108) (BuildId: 32cda5ceec1e68666841a6ebde60d2e1)
09-05 09:45:56.165  5932  5932 F DEBUG   :       #06 pc 0000000000377270  /apex/com.android.art/lib64/libart.so (art::(anonymous namespace)::ScopedCheck::AbortF(char const*, ...)+144) (BuildId: 32cda5ceec1e68666841a6ebde60d2e1)
09-05 09:45:56.165  5932  5932 F DEBUG   :       #07 pc 000000000037a358  /apex/com.android.art/lib64/libart.so (art::(anonymous namespace)::ScopedCheck::CheckMethodAndSig(art::ScopedObjectAccess&, _jobject*, _jclass*, _jmethodID*, art::Primitive::Type, art::InvokeType)+292) (BuildId: 32cda5ceec1e68666841a6ebde60d2e1)
09-05 09:45:56.165  5932  5932 F DEBUG   :       #08 pc 00000000003790fc  /apex/com.android.art/lib64/libart.so (art::(anonymous namespace)::CheckJNI::CallMethodV(char const*, _JNIEnv*, _jobject*, _jclass*, _jmethodID*, std::__va_list, art::Primitive::Type, art::InvokeType)+764) (BuildId: 32cda5ceec1e68666841a6ebde60d2e1)
09-05 09:45:56.165  5932  5932 F DEBUG   :       #09 pc 0000000000367880  /apex/com.android.art/lib64/libart.so (art::(anonymous namespace)::CheckJNI::CallVoidMethodV(_JNIEnv*, _jobject*, _jmethodID*, std::__va_list)+72) (BuildId: 32cda5ceec1e68666841a6ebde60d2e1)
09-05 09:45:56.165  5932  5932 F DEBUG   :       #10 pc 000000000051812c  /data/app/~~f61W-aZ6SD7qTxU23HECmA==/com.accofinder-sMMNZ3dOTRaqP23gSJsfHA==/lib/arm64/libQt6Core_arm64-v8a.so (QJniObject::callVoidMethodV(_JNIEnv*, _jmethodID*, ...) const+128) (BuildId: d1303f29a2ce382b307061012170ea76e3c40f6d)
09-05 09:45:56.165  5932  5932 F DEBUG   :       #11 pc 0000000000931e2c  /data/app/~~f61W-aZ6SD7qTxU23HECmA==/com.accofinder-sMMNZ3dOTRaqP23gSJsfHA==/lib/arm64/libappAccoFinder_arm64-v8a.so (_ZNK10QJniObject10callMethodIvJP8_jobjectETnNSt6__ndk19enable_ifIX20ValidFieldTypeDetailIu11__remove_cvIu20__remove_reference_tIT_EEEEbE4typeELb1EEEDaPKcSB_DpOT0_+200) (BuildId: bf57fa883beac2d5230d37fa60db3dae3230f6ad)
09-05 09:45:56.165  5932  5932 F DEBUG   :       #12 pc 0000000000931c3c  /data/app/~~f61W-aZ6SD7qTxU23HECmA==/com.accofinder-sMMNZ3dOTRaqP23gSJsfHA==/lib/arm64/libappAccoFinder_arm64-v8a.so (FcmService::registerToken()+696) (BuildId: bf57fa883beac2d5230d37fa60db3dae3230f6ad)
09-05 09:45:56.165  5932  5932 F DEBUG   :       #13 pc 00000000009330e8  /data/app/~~f61W-aZ6SD7qTxU23HECmA==/com.accofinder-sMMNZ3dOTRaqP23gSJsfHA==/lib/arm64/libappAccoFinder_arm64-v8a.so (BuildId: bf57fa883beac2d5230d37fa60db3dae3230f6ad)
09-05 09:45:56.165  5932  5932 F DEBUG   :       #14 pc 00000000009330b0  /data/app/~~f61W-aZ6SD7qTxU23HECmA==/com.accofinder-sMMNZ3dOTRaqP23gSJsfHA==/lib/arm64/libappAccoFinder_arm64-v8a.so (BuildId: bf57fa883beac2d5230d37fa60db3dae3230f6ad)
09-05 09:45:56.165  5932  5932 F DEBUG   :       #15 pc 0000000000933088  /data/app/~~f61W-aZ6SD7qTxU23HECmA==/com.accofinder-sMMNZ3dOTRaqP23gSJsfHA==/lib/arm64/libappAccoFinder_arm64-v8a.so (BuildId: bf57fa883beac2d5230d37fa60db3dae3230f6ad)
09-05 09:45:56.165  5932  5932 F DEBUG   :       #16 pc 0000000000933044  /data/app/~~f61W-aZ6SD7qTxU23HECmA==/com.accofinder-sMMNZ3dOTRaqP23gSJsfHA==/lib/arm64/libappAccoFinder_arm64-v8a.so (BuildId: bf57fa883beac2d5230d37fa60db3dae3230f6ad)
09-05 09:45:56.165  5932  5932 F DEBUG   :       #17 pc 0000000000932fec  /data/app/~~f61W-aZ6SD7qTxU23HECmA==/com.accofinder-sMMNZ3dOTRaqP23gSJsfHA==/lib/arm64/libappAccoFinder_arm64-v8a.so (BuildId: bf57fa883beac2d5230d37fa60db3dae3230f6ad)
09-05 09:45:56.165  5932  5932 F DEBUG   :       #18 pc 0000000000932f8c  /data/app/~~f61W-aZ6SD7qTxU23HECmA==/com.accofinder-sMMNZ3dOTRaqP23gSJsfHA==/lib/arm64/libappAccoFinder_arm64-v8a.so (BuildId: bf57fa883beac2d5230d37fa60db3dae3230f6ad)
09-05 09:45:56.165  5932  5932 F DEBUG   :       #19 pc 00000000003c5f6c  /data/app/~~f61W-aZ6SD7qTxU23HECmA==/com.accofinder-sMMNZ3dOTRaqP23gSJsfHA==/lib/arm64/libQt6Core_arm64-v8a.so (BuildId: d1303f29a2ce382b307061012170ea76e3c40f6d)
09-05 09:45:56.165  5932  5932 F DEBUG   :       #20 pc 00000000003d5188  /data/app/~~f61W-aZ6SD7qTxU23HECmA==/com.accofinder-sMMNZ3dOTRaqP23gSJsfHA==/lib/arm64/libQt6Core_arm64-v8a.so (BuildId: d1303f29a2ce382b307061012170ea76e3c40f6d)
09-05 09:45:56.165  5932  5932 F DEBUG   :       #21 pc 00000000003c0ea0  /data/app/~~f61W-aZ6SD7qTxU23HECmA==/com.accofinder-sMMNZ3dOTRaqP23gSJsfHA==/lib/arm64/libQt6Core_arm64-v8a.so (QObject::event(QEvent*)+124) (BuildId: d1303f29a2ce382b307061012170ea76e3c40f6d)
09-05 09:45:56.165  5932  5932 F DEBUG   :       #22 pc 00000000003896e0  /data/app/~~f61W-aZ6SD7qTxU23HECmA==/com.accofinder-sMMNZ3dOTRaqP23gSJsfHA==/lib/arm64/libQt6Core_arm64-v8a.so (QCoreApplication::notifyInternal2(QObject*, QEvent*)+160) (BuildId: d1303f29a2ce382b307061012170ea76e3c40f6d)
09-05 09:45:56.165  5932  5932 F DEBUG   :       #23 pc 00000000004afcd0  /data/app/~~f61W-aZ6SD7qTxU23HECmA==/com.accofinder-sMMNZ3dOTRaqP23gSJsfHA==/lib/arm64/libQt6Core_arm64-v8a.so (QTimerInfoList::activateTimers()+500) (BuildId: d1303f29a2ce382b307061012170ea76e3c40f6d)
09-05 09:45:56.165  5932  5932 F DEBUG   :       #24 pc 00000000004b240c  /data/app/~~f61W-aZ6SD7qTxU23HECmA==/com.accofinder-sMMNZ3dOTRaqP23gSJsfHA==/lib/arm64/libQt6Core_arm64-v8a.so (QEventDispatcherUNIX::processEvents(QFlags<QEventLoop::ProcessEventsFlag>)+544) (BuildId: d1303f29a2ce382b307061012170ea76e3c40f6d)
09-05 09:45:56.165  5932  5932 F DEBUG   :       #25 pc 00000000006675cc  /data/app/~~f61W-aZ6SD7qTxU23HECmA==/com.accofinder-sMMNZ3dOTRaqP23gSJsfHA==/lib/arm64/libQt6Gui_arm64-v8a.so (QUnixEventDispatcherQPA::processEvents(QFlags<QEventLoop::ProcessEventsFlag>)+20) (BuildId: 92b3e3d8e0c18be2ac8760208e274c35c68d8cb5)
09-05 09:45:56.165  5932  5932 F DEBUG   :       #26 pc 000000000007241c  /data/app/~~f61W-aZ6SD7qTxU23HECmA==/com.accofinder-sMMNZ3dOTRaqP23gSJsfHA==/lib/arm64/libplugins_platforms_qtforandroid_arm64-v8a.so (BuildId: ac547d2afdab9cd7c0627bb9d96c1f2908cab58c)
09-05 09:45:56.165  5932  5932 F DEBUG   :       #27 pc 0000000000391568  /data/app/~~f61W-aZ6SD7qTxU23HECmA==/com.accofinder-sMMNZ3dOTRaqP23gSJsfHA==/lib/arm64/libQt6Core_arm64-v8a.so (QEventLoop::exec(QFlags<QEventLoop::ProcessEventsFlag>)+340) (BuildId: d1303f29a2ce382b307061012170ea76e3c40f6d)
09-05 09:45:56.165  5932  5932 F DEBUG   :       #28 pc 0000000000389c88  /data/app/~~f61W-aZ6SD7qTxU23HECmA==/com.accofinder-sMMNZ3dOTRaqP23gSJsfHA==/lib/arm64/libQt6Core_arm64-v8a.so (QCoreApplication::exec()+136) (BuildId: d1303f29a2ce382b307061012170ea76e3c40f6d)
09-05 09:45:56.165  5932  5932 F DEBUG   :       #29 pc 00000000005a07bc  /data/app/~~f61W-aZ6SD7qTxU23HECmA==/com.accofinder-sMMNZ3dOTRaqP23gSJsfHA==/lib/arm64/libappAccoFinder_arm64-v8a.so (main+4920) (BuildId: bf57fa883beac2d5230d37fa60db3dae3230f6ad)
09-05 09:45:56.165  5932  5932 F DEBUG   :       #30 pc 0000000000067e20  /data/app/~~f61W-aZ6SD7qTxU23HECmA==/com.accofinder-sMMNZ3dOTRaqP23gSJsfHA==/lib/arm64/libplugins_platforms_qtforandroid_arm64-v8a.so (BuildId: ac547d2afdab9cd7c0627bb9d96c1f2908cab58c)
09-05 09:45:56.165  5932  5932 F DEBUG   :       #31 pc 000000000013ced4  /apex/com.android.art/lib64/libart.so (art_quick_generic_jni_trampoline+148) (BuildId: 32cda5ceec1e68666841a6ebde60d2e1)
09-05 09:45:56.165  5932  5932 F DEBUG   :       #32 pc 00000000001337e8  /apex/com.android.art/lib64/libart.so (art_quick_invoke_static_stub+568) (BuildId: 32cda5ceec1e68666841a6ebde60d2e1)
09-05 09:45:56.165  5932  5932 F DEBUG   :       #33 pc 00000000001a8a94  /apex/com.android.art/lib64/libart.so (art::ArtMethod::Invoke(art::Thread*, unsigned int*, unsigned int, art::JValue*, char const*)+228) (BuildId: 32cda5ceec1e68666841a6ebde60d2e1)
09-05 09:45:56.165  5932  5932 F DEBUG   :       #34 pc 00000000003185d8  /apex/com.android.art/lib64/libart.so (art::interpreter::ArtInterpreterToCompiledCodeBridge(art::Thread*, art::ArtMethod*, art::ShadowFrame*, unsigned short, art::JValue*)+376) (BuildId: 32cda5ceec1e68666841a6ebde60d2e1)
09-05 09:45:56.165  5932  5932 F DEBUG   :       #35 pc 000000000030e904  /apex/com.android.art/lib64/libart.so (bool art::interpreter::DoCall<false, false>(art::ArtMethod*, art::Thread*, art::ShadowFrame&, art::Instruction const*, unsigned short, art::JValue*)+996) (BuildId: 32cda5ceec1e68666841a6ebde60d2e1)
09-05 09:45:56.165  5932  5932 F DEBUG   :       #36 pc 000000000067fc4c  /apex/com.android.art/lib64/libart.so (MterpInvokeStatic+548) (BuildId: 32cda5ceec1e68666841a6ebde60d2e1)
09-05 09:45:56.166  5932  5932 F DEBUG   :       #37 pc 000000000012d994  /apex/com.android.art/lib64/libart.so (mterp_op_invoke_static+20) (BuildId: 32cda5ceec1e68666841a6ebde60d2e1)
09-05 09:45:56.166  5932  5932 F DEBUG   :       #38 pc 00000000000ef6f8  /data/app/~~f61W-aZ6SD7qTxU23HECmA==/com.accofinder-sMMNZ3dOTRaqP23gSJsfHA==/base.apk (offset 0xb05000) (org.qtproject.qt.android.QtNative.lambda$startApplication$2)
09-05 09:45:56.166  5932  5932 F DEBUG   :       #39 pc 000000000067fef0  /apex/com.android.art/lib64/libart.so (MterpInvokeStatic+1224) (BuildId: 32cda5ceec1e68666841a6ebde60d2e1)
09-05 09:45:56.166  5932  5932 F DEBUG   :       #40 pc 000000000012d994  /apex/com.android.art/lib64/libart.so (mterp_op_invoke_static+20) (BuildId: 32cda5ceec1e68666841a6ebde60d2e1)
09-05 09:45:56.166  5932  5932 F DEBUG   :       #41 pc 00000000000eeee8  /data/app/~~f61W-aZ6SD7qTxU23HECmA==/com.accofinder-sMMNZ3dOTRaqP23gSJsfHA==/base.apk (offset 0xb05000) (org.qtproject.qt.android.QtNative$$ExternalSyntheticLambda3.run+4)
09-05 09:45:56.166  5932  5932 F DEBUG   :       #42 pc 000000000067e9cc  /apex/com.android.art/lib64/libart.so (MterpInvokeInterface+1808) (BuildId: 32cda5ceec1e68666841a6ebde60d2e1)
09-05 09:45:56.166  5932  5932 F DEBUG   :       #43 pc 000000000012da14  /apex/com.android.art/lib64/libart.so (mterp_op_invoke_interface+20) (BuildId: 32cda5ceec1e68666841a6ebde60d2e1)
09-05 09:45:56.166  5932  5932 F DEBUG   :       #44 pc 00000000000f0fac  /data/app/~~f61W-aZ6SD7qTxU23HECmA==/com.accofinder-sMMNZ3dOTRaqP23gSJsfHA==/base.apk (offset 0xb05000) (org.qtproject.qt.android.QtThread$1.run+148)
09-05 09:45:56.166  5932  5932 F DEBUG   :       #45 pc 000000000067e9cc  /apex/com.android.art/lib64/libart.so (MterpInvokeInterface+1808) (BuildId: 32cda5ceec1e68666841a6ebde60d2e1)
09-05 09:45:56.166  5932  5932 F DEBUG   :       #46 pc 000000000012da14  /apex/com.android.art/lib64/libart.so (mterp_op_invoke_interface+20) (BuildId: 32cda5ceec1e68666841a6ebde60d2e1)
09-05 09:45:56.166  5932  5932 F DEBUG   :       #47 pc 00000000000ed090  /apex/com.android.art/javalib/core-oj.jar (java.lang.Thread.run+8)
09-05 09:45:56.166  5932  5932 F DEBUG   :       #48 pc 0000000000305f00  /apex/com.android.art/lib64/libart.so (art::interpreter::Execute(art::Thread*, art::CodeItemDataAccessor const&, art::ShadowFrame&, art::JValue, bool, bool) (.llvm.7972480776628613073)+268) (BuildId: 32cda5ceec1e68666841a6ebde60d2e1)
09-05 09:45:56.166  5932  5932 F DEBUG   :       #49 pc 000000000066b9fc  /apex/com.android.art/lib64/libart.so (artQuickToInterpreterBridge+780) (BuildId: 32cda5ceec1e68666841a6ebde60d2e1)
09-05 09:45:56.166  5932  5932 F DEBUG   :       #50 pc 000000000013cff8  /apex/com.android.art/lib64/libart.so (art_quick_to_interpreter_bridge+88) (BuildId: 32cda5ceec1e68666841a6ebde60d2e1)
09-05 09:45:56.166  5932  5932 F DEBUG   :       #51 pc 0000000000133564  /apex/com.android.art/lib64/libart.so (art_quick_invoke_stub+548) (BuildId: 32cda5ceec1e68666841a6ebde60d2e1)
09-05 09:45:56.166  5932  5932 F DEBUG   :       #52 pc 00000000001a8a78  /apex/com.android.art/lib64/libart.so (art::ArtMethod::Invoke(art::Thread*, unsigned int*, unsigned int, art::JValue*, char const*)+200) (BuildId: 32cda5ceec1e68666841a6ebde60d2e1)
09-05 09:45:56.166  5932  5932 F DEBUG   :       #53 pc 00000000005553d8  /apex/com.android.art/lib64/libart.so (art::JValue art::InvokeVirtualOrInterfaceWithJValues<art::ArtMethod*>(art::ScopedObjectAccessAlreadyRunnable const&, _jobject*, art::ArtMethod*, jvalue const*)+460) (BuildId: 32cda5ceec1e68666841a6ebde60d2e1)
09-05 09:45:56.166  5932  5932 F DEBUG   :       #54 pc 00000000005a4788  /apex/com.android.art/lib64/libart.so (art::Thread::CreateCallback(void*)+1308) (BuildId: 32cda5ceec1e68666841a6ebde60d2e1)
09-05 09:45:56.166  5932  5932 F DEBUG   :       #55 pc 00000000000b0048  /apex/com.android.runtime/lib64/bionic/libc.so (__pthread_start(void*)+64) (BuildId: 07fbaeed7b7a19203975f06be6f1d5ef)
09-05 09:45:56.166  5932  5932 F DEBUG   :       #56 pc 00000000000503c8  /apex/com.android.runtime/lib64/bionic/libc.so (__start_thread+64) (BuildId: 07fbaeed7b7a19203975f06be6f1d5ef)
